# file opened: C:\Users\rmore\Documentos\Universidad\2ndo\AOC\Arquitectura-y-organizacion-de-computadore\Barra de Colores\barraColores.asm
 1    0000                      DEVICE ZXSPECTRUM48
 2    0000              	SLDOPT COMMENT WPMEM, LOGPOINT, ASSETION
 3    0000                      ORG $8000               ; Programa ubicado a partir de $8000 = 32768
 4    8000
 5    8000              BEGIN:
 6    8000 F3                   DI              ; Deshabilitar interrupciones
 7    8001 31 00 00             LD SP, 0        ; Establecer el puntero de pila en la parte alta de la memoria
 8    8004 21 00 58             LD HL, $5800    ; Primer cuadrado de la pantalla.
 9    8007              MAIN:
10    8007 0E 00                LD C, 0         ; Color inicial (negro).
11    8009              PAINTLINE:
12    8009 3E 08                LD A, 8         ; i (Contador PAINTLINE).
13    800B 06 04                LD B, 4         ; j (Contador PAINTCOLOR).
14    800D              PAINTCOLOR:
15    800D 71                   LD (HL), C              ; Pintar cuadrado del color.
16    800E 23                   INC HL                  ; Siguiente cuadrado.
17    800F 10 FC                DJNZ PAINTCOLOR
18    8011              CHANGECOLOR:
19    8011 F5                   PUSH AF
20    8012 79                   LD A, C
21    8013 C6 08                ADD 8
22    8015 E6 38                AND %00111000
23    8017 4F                   LD C, A
24    8018 7D                   LD A, L
25    8019 FE 5B                CP $5B
26    801B F1                   POP AF
27    801C 20 EB                JR NZ, PAINTLINE
28    801E
29    801E              ENDOFCODE:
30    801E 18 FE                JR ENDOFCODE
31    8020
# file closed: C:\Users\rmore\Documentos\Universidad\2ndo\AOC\Arquitectura-y-organizacion-de-computadore\Barra de Colores\barraColores.asm
